W004: Unqualified function call: unsafe_call2
W002: Function without explicit search_path: f10_no_path()
W004: Unqualified function call: unsafe_call10
W004: Unqualified function call: unsafe_call_in_do14
W002: Function without explicit search_path: f18_no_path()
W004: Unqualified function call: unsafe_call18
W002: Function without explicit search_path: f19_path()
W004: Unqualified function call: unsafe_call19
W002: Function without explicit search_path: f25_nested_no_path()
W004: Unqualified function call: unsafe_call25

Errors: 0 Warnings: 10 Unknown: 0
