W002: Function without explicit search_path: plpgsqlfunc3()
W004: Unqualified function call: unsafe_call3
W002: Function without explicit search_path: plpgsqlfunc4()
W004: Unqualified function call: unsafe_call4
W002: Function without explicit search_path: plpgsqlfunc5()
W004: Unqualified function call: unsafe_call5
W002: Function without explicit search_path: plpgsqlfunc13()
W004: Unqualified function call: unsafe_call13
W002: Function without explicit search_path: plpgsqlfunc16()
W004: Unqualified function call: unsafe_call17
W004: Unqualified function call: unsafe_call21

Errors: 0 Warnings: 11 Unknown: 0
