E005: Unsafe object creation: unsafe_agg3
E001: Unsafe function creation: unsafe_func4()
W002: Function without explicit search_path: unsafe_func4()
E001: Unsafe function creation: unsafe_proc5()
W002: Function without explicit search_path: unsafe_proc5()
E004: Unsafe transform creation: type6
E012: Unsafe view creation: view9
W005: Unqualified object reference: view9

Errors: 5 Warnings: 3 Unknown: 0
