W004: Unqualified function call: unsafe_call3
W004: Unqualified function call: unsafe_call15
W004: Unqualified function call: unsafe_call21

Errors: 0 Warnings: 3 Unknown: 0
