W002: Function without explicit search_path: sqlfunc()
W004: Unqualified function call: unsafe_call3
W002: Function without explicit search_path: sqlfunc()
W004: Unqualified function call: unsafe_call10
W002: Function without explicit search_path: sqlfunc()
W004: Unqualified function call: unsafe_call13
W004: Unqualified function call: unsafe_call17

Errors: 0 Warnings: 7 Unknown: 0
